15:47:21 **** Incremental Build of configuration Debug for project 005_Low_Level_Access_To_Peripherals_trng ****
make -j7 all 
arm-none-eabi-gcc "../Core/Src/main.c" -mcpu=cortex-m4 -std=gnu11 -g3 -DDEBUG -DUSE_HAL_DRIVER -DSTM32F407xx -c -I../Core/Inc -I../Drivers/STM32F4xx_HAL_Driver/Inc -I../Drivers/STM32F4xx_HAL_Driver/Inc/Legacy -I../Drivers/CMSIS/Device/ST/STM32F4xx/Include -I../Drivers/CMSIS/Include -I"/Users/mc/STM32CubeIDE/src/stm32fun/005_Low_Level_Access_To_Peripherals_trng/trng" -O0 -ffunction-sections -fdata-sections -Wall -fstack-usage -fcyclomatic-complexity -MMD -MP -MF"Core/Src/main.d" -MT"Core/Src/main.o" --specs=nano.specs -mfpu=fpv4-sp-d16 -mfloat-abi=hard -mthumb -o "Core/Src/main.o"
arm-none-eabi-gcc -o "005_Low_Level_Access_To_Peripherals_trng.elf" @"objects.list"   -mcpu=cortex-m4 -T"/Users/mc/STM32CubeIDE/src/stm32fun/005_Low_Level_Access_To_Peripherals_trng/STM32F407VGTX_FLASH.ld" --specs=nosys.specs -Wl,-Map="005_Low_Level_Access_To_Peripherals_trng.map" -Wl,--gc-sections -static --specs=nano.specs -mfpu=fpv4-sp-d16 -mfloat-abi=hard -mthumb -Wl,--start-group -lc -lm -Wl,--end-group
Finished building target: 005_Low_Level_Access_To_Peripherals_trng.elf
 
arm-none-eabi-size  005_Low_Level_Access_To_Peripherals_trng.elf 
arm-none-eabi-objdump -h -S 005_Low_Level_Access_To_Peripherals_trng.elf  > "005_Low_Level_Access_To_Peripherals_trng.list"
   text	   data	    bss	    dec	    hex	filename
   9912	    116	   1908	  11936	   2ea0	005_Low_Level_Access_To_Peripherals_trng.elf
Finished building: default.size.stdout
 
Finished building: 005_Low_Level_Access_To_Peripherals_trng.list
 

15:47:22 Build Finished. 0 errors, 0 warnings. (took 1s.3ms)

